#-----------------------------------------------------------
# Vivado v2025.1 (64-bit)
# SW Build 6140274 on Thu May 22 00:12:29 MDT 2025
# IP Build 6138677 on Thu May 22 03:10:11 MDT 2025
# SharedData Build 6139179 on Tue May 20 17:58:58 MDT 2025
# Start of session at: Fri Jan 30 17:12:37 2026
# Process ID         : 43560
# Current directory  : C:/Users/jacob/Downloads/Samir_30/Samir_30.runs/impl_1
# Command line       : vivado.exe -log top.vdi -applog -product Vivado -messageDb vivado.pb -mode batch -source top.tcl -notrace
# Log file           : C:/Users/jacob/Downloads/Samir_30/Samir_30.runs/impl_1/top.vdi
# Journal file       : C:/Users/jacob/Downloads/Samir_30/Samir_30.runs/impl_1\vivado.jou
# Running On         : LAPTOP-JIVQAT26
# Platform           : Windows Server 2016 or Windows 10
# Operating System   : 26100
# Processor Detail   : Intel(R) Core(TM) i7-10870H CPU @ 2.20GHz
# CPU Frequency      : 2208 MHz
# CPU Physical cores : 8
# CPU Logical cores  : 16
# Host memory        : 17007 MB
# Swap memory        : 4831 MB
# Total Virtual      : 21839 MB
# Available Virtual  : 4314 MB
#-----------------------------------------------------------
source top.tcl -notrace
